{
    "Should run Amber in matched setting": {
        "content": [
            {
                "0": [
                    "TEST_TUMOR.amber.baf.tsv.gz:md5,582a86aee1eb90035f3a5d22cf6cdbd9"
                ],
                "1": [
                    "TEST_TUMOR.amber.baf.pcf:md5,c8d8a68055028ceea067b3c53d55aae4"
                ],
                "2": [
                    "TEST_TUMOR.amber.qc:md5,9547e68ba672e08d6bd49e1e6f654ee8"
                ],
                "3": [
                    "TEST_TUMOR.amber.contamination.vcf.gz:md5,941abd5cb8324ae2eabe82d9d0ebb6ee"
                ],
                "amber_baf_pcf": [
                    "TEST_TUMOR.amber.baf.pcf:md5,c8d8a68055028ceea067b3c53d55aae4"
                ],
                "amber_baf_tsv": [
                    "TEST_TUMOR.amber.baf.tsv.gz:md5,582a86aee1eb90035f3a5d22cf6cdbd9"
                ],
                "amber_contamination_vcf": [
                    "TEST_TUMOR.amber.contamination.vcf.gz:md5,941abd5cb8324ae2eabe82d9d0ebb6ee"
                ],
                "amber_qc": [
                    "TEST_TUMOR.amber.qc:md5,9547e68ba672e08d6bd49e1e6f654ee8"
                ]
            }
        ],
        "meta": {
            "nf-test": "0.9.2",
            "nextflow": "24.10.3"
        },
        "timestamp": "2024-12-23T18:58:20.35175274"
    },
    "Should run Amber in unmatched setting": {
        "content": [
            {
                "0": [
                    "TEST_TUMOR.amber.baf.tsv.gz:md5,0c55ac207db6eb8e1f138a044990f4d1"
                ],
                "1": [
                    "TEST_TUMOR.amber.baf.pcf:md5,c889d8a8b2668045d35eed1fd8e2c7ce"
                ],
                "2": [
                    "TEST_TUMOR.amber.qc:md5,9547e68ba672e08d6bd49e1e6f654ee8"
                ],
                "3": [
                    
                ],
                "amber_baf_pcf": [
                    "TEST_TUMOR.amber.baf.pcf:md5,c889d8a8b2668045d35eed1fd8e2c7ce"
                ],
                "amber_baf_tsv": [
                    "TEST_TUMOR.amber.baf.tsv.gz:md5,0c55ac207db6eb8e1f138a044990f4d1"
                ],
                "amber_contamination_vcf": [
                    
                ],
                "amber_qc": [
                    "TEST_TUMOR.amber.qc:md5,9547e68ba672e08d6bd49e1e6f654ee8"
                ]
            }
        ],
        "meta": {
            "nf-test": "0.9.2",
            "nextflow": "24.10.3"
        },
        "timestamp": "2024-12-23T18:58:34.075044669"
    }
}